User@D MINGW64 /c/Downloads/github_practice (main)
$ mkdir mobiles laptops

User@D MINGW64 /c/Downloads/github_practice (main)
$ ls
laptops/  mobiles/

User@D MINGW64 /c/Downloads/github_practice (main)
$ cd laptops

User@D MINGW64 /c/Downloads/github_practice/laptops (main)
$ mkdir lenovo hp

User@D MINGW64 /c/Downloads/github_practice/laptops (main)
$ touch acer.txt dell.txt apple.txt

User@D MINGW64 /c/Downloads/github_practice/laptops (main)
$ ls
acer.txt  apple.txt  dell.txt  hp/  lenovo/

User@D MINGW64 /c/Downloads/github_practice/laptops (main)
$ cd  lenovo/

User@D MINGW64 /c/Downloads/github_practice/laptops/lenovo (main)
$ touch EliteBook Spectre

User@D MINGW64 /c/Downloads/github_practice/laptops/lenovo (main)
$ ls
EliteBook  Spectre

User@D MINGW64 /c/Downloads/github_practice/laptops/lenovo (main)
$ touch EliteBook1.1 EliteBook1.2 Spectre1.1 Spectre1.2

User@D MINGW64 /c/Downloads/github_practice/laptops/lenovo (main)
$ ls
EliteBook  EliteBook1.1  EliteBook1.2  Spectre  Spectre1.1  Spectre1.2

User@D MINGW64 /c/Downloads/github_practice/laptops/lenovo (main)
$ cd ..

User@D MINGW64 /c/Downloads/github_practice/laptops (main)
$ cd ..

User@D MINGW64 /c/Downloads/github_practice (main)
$ ls
laptops/  mobiles/

User@D MINGW64 /c/Downloads/github_practice (main)
$ cd laptops/

User@D MINGW64 /c/Downloads/github_practice/laptops (main)
$ ls
acer.txt  apple.txt  dell.txt  hp/  lenovo/

User@D MINGW64 /c/Downloads/github_practice/laptops (main)
$ cd hp

User@D MINGW64 /c/Downloads/github_practice/laptops/hp (main)
$ cat thinkpad airbook
cat: thinkpad: No such file or directory
cat: airbook: No such file or directory

User@D MINGW64 /c/Downloads/github_practice/laptops/hp (main)
$ touch thinkpad airbook

User@D MINGW64 /c/Downloads/github_practice/laptops/hp (main)
$ ls
airbook  thinkpad

User@D MINGW64 /c/Downloads/github_practice/laptops/hp (main)
$ cd ..

User@D MINGW64 /c/Downloads/github_practice/laptops (main)
$ ls
acer.txt  apple.txt  dell.txt  hp/  lenovo/

User@D MINGW64 /c/Downloads/github_practice/laptops (main)
$ cd ..

User@D MINGW64 /c/Downloads/github_practice (main)
$ ls
laptops/  mobiles/

User@D MINGW64 /c/Downloads/github_practice (main)
$ cd mobiles

User@D MINGW64 /c/Downloads/github_practice/mobiles (main)
$ mkdir samsung apple

User@D MINGW64 /c/Downloads/github_practice/mobiles (main)
$ touch realme oneplus vivo moto tecno

User@D MINGW64 /c/Downloads/github_practice/mobiles (main)
$ ls
apple/  moto  oneplus  realme  samsung/  tecno  vivo

User@D MINGW64 /c/Downloads/github_practice/mobiles (main)
$ cd ..

User@D MINGW64 /c/Downloads/github_practice (main)
$ ls
laptops/  mobiles/

User@D MINGW64 /c/Downloads/github_practice (main)
$ git status
On branch main
Your branch is up to date with 'origin/main'.

Untracked files:
  (use "git add <file>..." to include in what will be committed)
        laptops/
        mobiles/

nothing added to commit but untracked files present (use "git add" to track)

User@D MINGW64 /c/Downloads/github_practice (main)
$ git add .

User@D MINGW64 /c/Downloads/github_practice (main)
$ git status
On branch main
Your branch is up to date with 'origin/main'.

Changes to be committed:
  (use "git restore --staged <file>..." to unstage)
        new file:   laptops/acer.txt
        new file:   laptops/apple.txt
        new file:   laptops/dell.txt
        new file:   laptops/hp/airbook
        new file:   laptops/hp/thinkpad
        new file:   laptops/lenovo/EliteBook
        new file:   laptops/lenovo/EliteBook1.1
        new file:   laptops/lenovo/EliteBook1.2
        new file:   laptops/lenovo/Spectre
        new file:   laptops/lenovo/Spectre1.1
        new file:   laptops/lenovo/Spectre1.2
        new file:   mobiles/moto
        new file:   mobiles/oneplus
        new file:   mobiles/realme
        new file:   mobiles/tecno
        new file:   mobiles/vivo


User@D MINGW64 /c/Downloads/github_practice (main)
$ git commit -m "All laptops and mobiles"
[main b7e1d27] All laptops and mobiles
 16 files changed, 0 insertions(+), 0 deletions(-)
 create mode 100644 laptops/acer.txt
 create mode 100644 laptops/apple.txt
 create mode 100644 laptops/dell.txt
 create mode 100644 laptops/hp/airbook
 create mode 100644 laptops/hp/thinkpad
 create mode 100644 laptops/lenovo/EliteBook
 create mode 100644 laptops/lenovo/EliteBook1.1
 create mode 100644 laptops/lenovo/EliteBook1.2
 create mode 100644 laptops/lenovo/Spectre
 create mode 100644 laptops/lenovo/Spectre1.1
 create mode 100644 laptops/lenovo/Spectre1.2
 create mode 100644 mobiles/moto
 create mode 100644 mobiles/oneplus
 create mode 100644 mobiles/realme
 create mode 100644 mobiles/tecno
 create mode 100644 mobiles/vivo

User@D MINGW64 /c/Downloads/github_practice (main)
$ git push origin main
Enumerating objects: 8, done.
Counting objects: 100% (8/8), done.
Delta compression using up to 4 threads
Compressing objects: 100% (6/6), done.
Writing objects: 100% (7/7), 606 bytes | 101.00 KiB/s, done.
Total 7 (delta 0), reused 0 (delta 0), pack-reused 0 (from 0)
To https://github.com/Deepakd2406/github_practice.git
   af2ab9b..b7e1d27  main -> main

User@D MINGW64 /c/Downloads/github_practice (main)
$ git status
On branch main
Your branch is up to date with 'origin/main'.

nothing to commit, working tree clean

User@D MINGW64 /c/Downloads/github_practice (main)

